// Jest Snapshot v1, https://goo.gl/fbAQLP

exports[`InsightsCalendarDaysOfWeek to match snapshot 1`] = `
<div>
  <div
    class="card border-base-content border shadow"
  >
    <div
      class="border-base-content border-b px-8 py-4"
    >
      <div
        class="text-base md:text-lg lg:text-xl"
      >
        Day of Week
      </div>
    </div>
    <div
      class="card-body border-base-content border-b"
    >
      <div
        class="flex flex-col gap-y-8"
      >
        <p
          class="text-base font-bold md:text-lg"
        >
          Games by Days of Week
        </p>
      </div>
    </div>
    <div
      class="card-body border-base-content border-b"
    >
      <div
        class="flex flex-col gap-y-8"
      >
        <p
          class="text-base font-bold md:text-lg"
        >
          Accuracy by Days of Week
        </p>
      </div>
    </div>
    <div
      class="card-body border-base-content border-b"
    >
      <div
        class="flex flex-col gap-y-8"
      >
        <p
          class="text-base font-bold md:text-lg"
        >
          Results by Days of Week
        </p>
      </div>
    </div>
    <div
      class="card-body"
    />
  </div>
</div>
`;
