// Jest Snapshot v1, https://goo.gl/fbAQLP

exports[`InsightsMovesPieces to match snapshot 1`] = `
<div>
  <div
    class="card border-base-content border shadow"
  >
    <div
      class="border-base-content border-b px-8 py-4"
    >
      <div
        class="text-base md:text-lg lg:text-xl"
      >
        Pieces
      </div>
    </div>
    <div
      class="card-body"
    >
      <p
        class="text-base font-bold md:text-lg"
      >
        Moves per piece
      </p>
      <div
        class="aspect-video"
      >
        <div
          class="recharts-responsive-container"
          style="width: 100%; height: 100%; min-width: 0;"
        />
      </div>
    </div>
  </div>
</div>
`;
